// Jest Snapshot v1, https://goo.gl/fbAQLP

exports[`renders page correctly 1`] = `
Array [
  <nav
    className="navbar is-fixed-top"
    id="navbar"
  >
    <div
      className="navbar-brand"
    >
      <a
        className="navbar-burger burger "
        data-target="navbar-content"
        onClick={[Function]}
      >
        <span
          aria-hidden="true"
        />
        <span
          aria-hidden="true"
        />
        <span
          aria-hidden="true"
        />
      </a>
    </div>
    <div
      className="navbar-menu "
      id="navbar-content"
    >
      <div
        className="navbar-end"
      >
        <a
          className="navbar-item "
          href="#/#about"
          onClick={[Function]}
        >
          About
        </a>
        <a
          className="navbar-item "
          href="#/#skills"
          onClick={[Function]}
        >
          Skills
        </a>
        <a
          className="navbar-item "
          href="#/#experience"
          onClick={[Function]}
        >
          Experience
        </a>
        <a
          className="navbar-item "
          href="#/#contact"
          onClick={[Function]}
        >
          Contact
        </a>
        <a
          className="navbar-item"
          href="ryan-tremarco-cv.pdf"
          target="_"
        >
          <button
            className="button is-success is-outlined"
          >
            View CV
          </button>
        </a>
      </div>
    </div>
  </nav>,
  <section
    className="hero is-primary is-fullheight has-text-centered"
  >
    <div
      className="hero-body"
    >
      <div
        className="hero-content"
      >
        <p
          className="intro-hello"
        >
          Hey.
        </p>
        <p
          className="intro-name"
        >
          I'm 
          <span
            className="avoid-wrap"
          >
            Ryan Tremarco.
          </span>
        </p>
        <p
          className="intro-para"
        >
          I'm a back-end Software Engineer, currently based in the United Kingdom.
          <br />
          I specialise in complex, data-oriented problem solving.
        </p>
        <section
          className="section"
        >
          <a
            className="button is-success is-outlined is-medium"
            href="mailto:ryantremarco@hotmail.co.uk"
          >
            Get in touch
          </a>
        </section>
      </div>
    </div>
    <div
      className="hero-footer"
    >
      <div
        className="intro-arrow"
      >
        <a
          href="#/#about"
          onClick={[Function]}
        >
          <i
            className="fas fa-chevron-down is-size-3"
          />
        </a>
      </div>
    </div>
  </section>,
  <section
    className="section"
    id="about"
  >
    <div
      className="container"
    >
      <h1
        className="title is-size-1 has-text-centered"
      >
        About
      </h1>
      <div
        className="columns is-centered section-content"
      >
        <div
          className="column is-4"
        >
          <h2
            className="title is-size-4"
          >
            Me
          </h2>
          <p>
            Hello! I'm Ryan, a 
            <span
              className="avoid-wrap"
            >
              back-end
            </span>
             Software Eningeer working for med-tech firm 
            <a
              href="https://visformatics.net/"
              target="_"
            >
               Visfo
            </a>
             in the UK.
          </p>
          <p
            className="nudge-down"
          >
            Since completing a 
            <span
              className="avoid-wrap"
            >
              government-sponsored
            </span>
             apprenticeship scheme and obtaining my 
            <span
              className="avoid-wrap"
            >
              first-class
            </span>
             honours degree I spent a number of years working 
            <span
              className="avoid-wrap"
            >
              full-stack
            </span>
             development, but I have since transitioned to 
            <span
              className="avoid-wrap"
            >
              back-end
            </span>
             specific work.
          </p>
          <p
            className="nudge-down"
          >
            In the future, I intend to keep to 
            <span
              className="avoid-wrap"
            >
              back-end
            </span>
             web technologies, and potentially even explore 
            <span
              className="avoid-wrap"
            >
              lower-level
            </span>
            work such as systems and embedded development. So long as it's 
            <span
              className="avoid-wrap"
            >
              data-driven
            </span>
            , I'll be happy.
          </p>
        </div>
        <div
          className="column is-1"
        />
        <div
          className="column is-4"
        >
          <h2
            className="title is-size-4"
          >
            My Interests
          </h2>
          <p>
            Because I intend to move to Japan in the near future, I spend a large amount of my free time learning Japanese. I still have a ways to go, but it's a fun journey.
          </p>
          <p
            className="nudge-down"
          >
            I enjoy playing around with technologies I don't get to use
            <span
              className="avoid-wrap"
            >
              day-to-day
            </span>
             ie. Rust, Ruby, and even some purely functional tech like Haskell. This sometimes extends to pretending that I'm a game developer every now and again.
          </p>
          <p
            className="nudge-down"
          >
            I also enjoy playing in and running various tabletop games such as Dungeons and Dragons - I'm even 3D printing and painting my own minis!
          </p>
        </div>
      </div>
    </div>
  </section>,
  <section
    className="section"
    id="skills"
  >
    <div
      className="container"
    >
      <h1
        className="title is-size-1 has-text-centered"
      >
        Skills
      </h1>
      <div
        className="columns is-centered section-content"
      >
        <div
          className="column is-10"
        >
          <p
            className="has-text-centered"
          >
            Over my years as a Software Engineer, I have made use of wide variety of programming languages and technologies. More recently, I primarily work with Go deployed with GCP infrastructure, but I have professionally developed accross the entire tech stack. As a hobbiest, I like to venture further afield into lower-level technology.
          </p>
          <p
            className="has-text-centered nudge-down"
          >
            Here are some highlights:
          </p>
          <div
            className="columns is-multiline is-centered skills-container"
          >
            <div
              className="column is-4 has-text-centered nudge-down"
            >
              <h2
                className="title is-size-4"
              >
                <strong>
                  Go; Java; SpringBoot
                </strong>
              </h2>
              <p
                className="subtitle"
              >
                Web API development; testing
              </p>
            </div>
            <div
              className="column is-4 has-text-centered nudge-down"
            >
              <h2
                className="title is-size-4"
              >
                <strong>
                  JavaScript; React
                </strong>
              </h2>
              <p
                className="subtitle"
              >
                Web UI development; testing
              </p>
            </div>
            <div
              className="column is-4 has-text-centered nudge-down"
            >
              <h2
                className="title is-size-4"
              >
                <strong>
                  SQL; NoSQL; Elastic
                </strong>
              </h2>
              <p
                className="subtitle"
              >
                Data persistence; FGS; Optimisation
              </p>
            </div>
            <div
              className="column is-4 has-text-centered nudge-down"
            >
              <h2
                className="title is-size-4"
              >
                <strong>
                  GCP; AWS; OpenShift
                </strong>
              </h2>
              <p
                className="subtitle"
              >
                Product deployment; CICD management
              </p>
            </div>
            <div
              className="column is-4 has-text-centered nudge-down"
            >
              <h2
                className="title is-size-4"
              >
                <strong>
                  Linux Systems
                </strong>
              </h2>
              <p
                className="subtitle"
              >
                Development platform; Automation
              </p>
            </div>
            <div
              className="column is-4 has-text-centered nudge-down"
            >
              <h2
                className="title is-size-4"
              >
                <strong>
                  Rust
                </strong>
              </h2>
              <p
                className="subtitle"
              >
                Hobbyist development 
              </p>
            </div>
          </div>
        </div>
      </div>
    </div>
  </section>,
  <section
    className="section"
    id="experience"
  >
    <div
      className="container"
    >
      <h1
        className="title is-size-1 has-text-centered"
      >
        Experience
      </h1>
      <div
        className="columns is-centered section-content"
      >
        <div
          className="column is-12"
        >
          <div
            className="columns experience-pane undefined"
          >
            <div
              className="column is-2"
            >
              <h2
                className="title is-size-4 has-text-right-tablet"
              >
                VISFO
              </h2>
              <p
                className="subtitle has-text-right-tablet"
              >
                2021 - ?
              </p>
            </div>
            <div
              className="experience-details column is-9 content"
            >
              <p>
                In my current role, I am responsible for writing API-layer applications in Golang using Test-Driven Development practices. I develop and maintain the GCP-based infrastructure underpinning those applications in dev-ops fashion.
              </p>
              <p>
                In order to help with managing rapidly changing customer requirements, I have been responsible for implementing Agile practices into an environment where there were no official ways-of-working, and still maintain a guiding role during events and ceremonies.
              </p>
            </div>
          </div>
          <div
            className="columns experience-pane nudge-down"
          >
            <div
              className="column is-2"
            >
              <h2
                className="title is-size-4 has-text-right-tablet"
              >
                HMG
              </h2>
              <p
                className="subtitle has-text-right-tablet"
              >
                2017 - 2021
              </p>
            </div>
            <div
              className="experience-details column is-9 content"
            >
              <p>
                In this role, I was responsible for designing, developing, and maintaining a range of software products for internal customers in other government departments.
              </p>
              <p>
                As a full-stack engineer, I spent time working at every layer of these applications, from UX and front-end heavy projects, through to API work, and data-layer and dev-ops/infrastructure management. The primary technologies I made use of over these projects include Java/Spring Boot, JavaScript/React, and OpenShift hosted on AWS.
              </p>
              <p>
                Within my teams, I organised and facilitated Agile Events, often taking on a leading role to help steer development effort based on customer requirements and my team’s velocity estimations.
              </p>
              <p>
                Secondary to my official responsibilities, I also spent time improving inner-source libraries and components used by my teams in order to improve software within the organisation beyond my own products. This also extended to helping to improve internal tooling, such as pushing for internal supportof Rust’s package manager, Cargo, to give the developer community better freedom in choosing the correct tool for any particular piece of work.
              </p>
            </div>
          </div>
          <div
            className="columns experience-pane nudge-down"
          >
            <div
              className="column is-2"
            >
              <h2
                className="title is-size-4 has-text-right-tablet"
              >
                VLDB
              </h2>
              <p
                className="subtitle has-text-right-tablet"
              >
                2015
              </p>
            </div>
            <div
              className="experience-details column is-9 content"
            >
              <p>
                In my short time at VLDB, my primary responsibility was to create a mobile application for the marketing team for easily calculating pricing when dealing with customers on-site. To do so, I made use of the Xamarin mobile framework and C#.
              </p>
            </div>
          </div>
        </div>
      </div>
    </div>
  </section>,
  <section
    className="section"
    id="contact"
  >
    <div
      className="container"
    >
      <h1
        className="title is-size-1 has-text-centered"
      >
        Contact
      </h1>
      <div
        className="columns is-centered section-content"
      >
        <div
          className="column is-6 has-text-centered"
        >
          <p
            className="has-text-centered"
          >
            I'm currently looking for exciting  work opportunities in Japan.
            <br />
            If you think you have something I may be interested in (or you just want to say hi) please don't hesitate to send me a message.
          </p>
          <section
            className="section"
          >
            <a
              className="button is-primary is-medium"
              href="mailto:ryantremarco@hotmail.co.uk"
            >
              Get in touch
            </a>
          </section>
        </div>
      </div>
    </div>
  </section>,
  <footer
    className="footer"
  >
    <div
      className="content has-text-centered"
    >
      Made with 
      <i
        className="fas fa-heart"
      />
       using
      <strong>
        <a
          href="https://bulma.io"
          target="_"
        >
           Bulma 
        </a>
      </strong>
      and
      <strong>
        <a
          href="https://reactjs.org"
          target="_"
        >
           React 
        </a>
      </strong>
    </div>
    <div
      className="content has-text-centered is-size-3"
    >
      <a
        href="https://github.com/ryantremarco"
        target="_"
      >
        <i
          className="icon fab fa-github"
        />
      </a>
      <a
        href="https://www.linkedin.com/in/ryantremarco/"
        target="_"
      >
        <i
          className="icon fab fa-linkedin"
        />
      </a>
    </div>
  </footer>,
]
`;
