// Jest Snapshot v1, https://goo.gl/fbAQLP

exports[`renders learn react link 1`] = `
Array [
  <nav
    className="navbar is-primary is-fixed-top"
  >
    <div
      className="navbar-brand"
    >
      <a
        class="navbar-burger burger "
        data-target="navbar-content"
        onClick={[Function]}
      >
        <span
          aria-hidden="true"
        />
        <span
          aria-hidden="true"
        />
        <span
          aria-hidden="true"
        />
      </a>
    </div>
    <div
      className="navbar-menu "
      id="navbar-content"
    >
      <div
        className="navbar-end"
      >
        <a
          className="navbar-item "
          href="#/#about"
          onClick={[Function]}
        >
          About
        </a>
        <a
          className="navbar-item "
          href="#/#skills"
          onClick={[Function]}
        >
          Skills
        </a>
        <a
          className="navbar-item "
          href="#/#experience"
          onClick={[Function]}
        >
          Experience
        </a>
        <a
          className="navbar-item "
          href="#/#contact"
          onClick={[Function]}
        >
          Contact
        </a>
      </div>
    </div>
  </nav>,
  <section
    className="hero is-primary is-fullheight has-text-centered"
  >
    <div
      className="hero-body"
    >
      <div
        className="hero-content"
      >
        <section
          className="section"
        >
          <p
            className="intro-hello"
          >
            Hey.
          </p>
          <p
            className="intro-name"
          >
            I'm Ryan Tremarco.
          </p>
          <p
            className="intro-para"
          >
            I'm a full-stack Software Engineer, currently working for 
            <strong>
              Her Majesty's Government
            </strong>
             in the 
            <strong>
              United Kingdom
            </strong>
            .
            <br />
            I am an 
            <strong>
              innovation advocate
            </strong>
            , and I'm keenly interested in complex, data-oriented 
            <strong>
              problem solving
            </strong>
            .
            <br />
          </p>
        </section>
        <a
          className="button is-success is-outlined is-medium"
          href="mailto:ryantremarco@hotmail.co.uk"
        >
          Get in touch
        </a>
      </div>
    </div>
  </section>,
  <section
    className="section"
    id="about"
  >
    <div
      className="container"
    >
      <h1
        className="title is-size-1 has-text-centered"
      >
        About
      </h1>
      About section coming soon
    </div>
  </section>,
  <section
    className="section"
    id="skills"
  >
    <div
      className="container"
    >
      <h1
        className="title is-size-1 has-text-centered"
      >
        skills
      </h1>
      Skills section coming soon
    </div>
  </section>,
  <section
    className="section"
    id="experience"
  >
    <div
      className="container"
    >
      <h1
        className="title is-size-1 has-text-centered"
      >
        Experience
      </h1>
      Experience section coming soon
    </div>
  </section>,
  <section
    className="section"
    id="contact"
  >
    <div
      className="container"
    >
      <h1
        className="title is-size-1 has-text-centered"
      >
        Contact
      </h1>
      Contact section coming soon
    </div>
  </section>,
  <footer
    className="footer"
  >
    <div
      className="content has-text-centered"
    >
      Made with 
      <i
        class="fas fa-heart"
      />
       using
      <strong>
        <a
          href="https://bulma.io"
          target="_"
        >
           Bulma 
        </a>
      </strong>
      and
      <strong>
        <a
          href="https://reactjs.org"
          target="_"
        >
           React 
        </a>
      </strong>
    </div>
  </footer>,
]
`;
